// Jest Snapshot v1, https://goo.gl/fbAQLP

exports[`\`TS\` asset generator renders expected TypeScript module content 1`] = `"export enum MyIconsSet { Foo = \\"foo\\", Bar = \\"bar\\", } export type MyIconsSetId = \`MyIconsSet\`; export const MY_ICONS_SET_CODEPOINTS: { [key in MyIconsSetId]: string } = { \\"foo\\": \\"4265\\", \\"bar\\": \\"1231\\", }; "`;
